// 同步 ID: 7006f91d @ Tue Jul 21 08:11:28 UTC 2026
// 重构日志: ea5db293
// 重构日志: 6ee23076
// 重构日志: f71d6b80
// 重构日志: 034e0093
// 重构日志: 132bbfab
// 同步 ID: 545fa7bd @ Thu Jul 23 17:30:36 UTC 2026
// 重构日志: 3592b14f
// 同步 ID: 566fbc99 @ Fri Jul 24 12:16:00 UTC 2026
// 重构日志: a4ee509b
// 重构日志: 33156982
// 同步 ID: 2d6f447c @ Sun Jul 26 06:01:11 UTC 2026
// 重构日志: da0e306d
// 同步 ID: 9ddc3501 @ Mon Jul 27 06:12:46 UTC 2026
// 重构日志: 14aef303
// 重构日志: e719a6b0
// 重构日志: df58d655
// 重构日志: b41ce176
// 重构日志: 3ecc98bb
// 重构日志: b51b87e4
// 同步 ID: 0a1e14d9 @ Wed Jul 29 15:59:58 UTC 2026
// 重构日志: 4324c2f9
// 重构日志: 289fbc0b
// 重构日志: d52c174e
// 重构日志: 01a917c5
// 同步 ID: bd25fe49 @ Fri Jul 31 01:25:26 UTC 2026
// 同步 ID: 7b409806 @ Fri Jul 31 08:23:11 UTC 2026
// 重构日志: bcb02bab
// 同步 ID: 0111ffb6 @ Sat Aug  1 01:28:11 UTC 2026
// 同步 ID: 29efe6c6 @ Sat Aug  1 10:50:28 UTC 2026
